// Jest Snapshot v1, https://goo.gl/fbAQLP

exports[`should take a snapshot 1`] = `
<DocumentFragment>
  <div
    data-testid="login-test-container"
  >
    <h1
      data-testid="login-h1-test-container"
    >
      Strides
    </h1>
    <form
      action=""
    >
      <input
        name="username"
        placeholder="username"
        type="text"
      />
      <input
        name="password"
        placeholder="password"
        type="password"
      />
      <div>
        <button
          type="submit"
        >
          Login
        </button>
        <button
          type="button"
        >
          <a
            href="/register"
          >
            Register
          </a>
        </button>
      </div>
    </form>
  </div>
</DocumentFragment>
`;
